=== Phase A: data prep ===
Dataset generated successfully at: /home/computer0/fly_project/fly_gsplat/ctrl_009/016/f1100
4 cameras loaded
Seed: [ 0.00024924 -0.01479837  0.00726221]  triangulation residual=0.076 mm
Sampled 10000 points in 2mm sphere
Surviving points (all 4 cameras): 2283
After outlier removal: 2180 points
Saved -> /home/computer0/fly_project/fly_gsplat/ctrl_009/016/f1100/init_points.ply
[prepare] frame 1100 data ready
Dataset generated successfully at: /home/computer0/fly_project/fly_gsplat/ctrl_009/016/f1101
4 cameras loaded
Seed: [ 0.00025275 -0.01483328  0.00729384]  triangulation residual=0.073 mm
Sampled 10000 points in 2mm sphere
Surviving points (all 4 cameras): 2201
After outlier removal: 2117 points
Saved -> /home/computer0/fly_project/fly_gsplat/ctrl_009/016/f1101/init_points.ply
[prepare] frame 1101 data ready
Dataset generated successfully at: /home/computer0/fly_project/fly_gsplat/ctrl_009/016/f1102
4 cameras loaded
Seed: [ 0.00024534 -0.01487155  0.00733068]  triangulation residual=0.083 mm
Sampled 10000 points in 2mm sphere
Surviving points (all 4 cameras): 2033
After outlier removal: 1950 points
Saved -> /home/computer0/fly_project/fly_gsplat/ctrl_009/016/f1102/init_points.ply
[prepare] frame 1102 data ready
Dataset generated successfully at: /home/computer0/fly_project/fly_gsplat/ctrl_009/016/f1103
4 cameras loaded
Seed: [ 0.00024379 -0.01491676  0.00737014]  triangulation residual=0.091 mm
Sampled 10000 points in 2mm sphere
Surviving points (all 4 cameras): 2004
After outlier removal: 1902 points
Saved -> /home/computer0/fly_project/fly_gsplat/ctrl_009/016/f1103/init_points.ply
[prepare] frame 1103 data ready
Dataset generated successfully at: /home/computer0/fly_project/fly_gsplat/ctrl_009/016/f1104
4 cameras loaded
Seed: [ 0.00023789 -0.01496449  0.00740556]  triangulation residual=0.102 mm
Sampled 10000 points in 2mm sphere
Surviving points (all 4 cameras): 1949
After outlier removal: 1861 points
Saved -> /home/computer0/fly_project/fly_gsplat/ctrl_009/016/f1104/init_points.ply
[prepare] frame 1104 data ready
Dataset generated successfully at: /home/computer0/fly_project/fly_gsplat/ctrl_009/016/f1105
4 cameras loaded
Seed: [ 0.00022952 -0.01501308  0.00743473]  triangulation residual=0.102 mm
Sampled 10000 points in 2mm sphere
Surviving points (all 4 cameras): 1970
After outlier removal: 1903 points
Saved -> /home/computer0/fly_project/fly_gsplat/ctrl_009/016/f1105/init_points.ply
[prepare] frame 1105 data ready
Dataset generated successfully at: /home/computer0/fly_project/fly_gsplat/ctrl_009/016/f1106
4 cameras loaded
Seed: [ 0.00022955 -0.0150605   0.0074719 ]  triangulation residual=0.104 mm
Sampled 10000 points in 2mm sphere
Surviving points (all 4 cameras): 1905
After outlier removal: 1841 points
Saved -> /home/computer0/fly_project/fly_gsplat/ctrl_009/016/f1106/init_points.ply
[prepare] frame 1106 data ready
Dataset generated successfully at: /home/computer0/fly_project/fly_gsplat/ctrl_009/016/f1107
4 cameras loaded
Seed: [ 0.00022542 -0.01511121  0.00750495]  triangulation residual=0.105 mm
Sampled 10000 points in 2mm sphere
Surviving points (all 4 cameras): 2075
After outlier removal: 1991 points
Saved -> /home/computer0/fly_project/fly_gsplat/ctrl_009/016/f1107/init_points.ply
[prepare] frame 1107 data ready
Dataset generated successfully at: /home/computer0/fly_project/fly_gsplat/ctrl_009/016/f1108
4 cameras loaded
Seed: [ 0.00022203 -0.01517174  0.00754243]  triangulation residual=0.095 mm
Sampled 10000 points in 2mm sphere
Surviving points (all 4 cameras): 2008
After outlier removal: 1929 points
Saved -> /home/computer0/fly_project/fly_gsplat/ctrl_009/016/f1108/init_points.ply
[prepare] frame 1108 data ready
Dataset generated successfully at: /home/computer0/fly_project/fly_gsplat/ctrl_009/016/f1109
4 cameras loaded
Seed: [ 0.00022287 -0.01523727  0.00758535]  triangulation residual=0.087 mm
Sampled 10000 points in 2mm sphere
Surviving points (all 4 cameras): 1900
After outlier removal: 1823 points
Saved -> /home/computer0/fly_project/fly_gsplat/ctrl_009/016/f1109/init_points.ply
[prepare] frame 1109 data ready
Dataset generated successfully at: /home/computer0/fly_project/fly_gsplat/ctrl_009/016/f1110
4 cameras loaded
Seed: [ 0.0002261  -0.01530709  0.00762924]  triangulation residual=0.078 mm
Sampled 10000 points in 2mm sphere
Surviving points (all 4 cameras): 1958
After outlier removal: 1873 points
Saved -> /home/computer0/fly_project/fly_gsplat/ctrl_009/016/f1110/init_points.ply
[prepare] frame 1110 data ready
Dataset generated successfully at: /home/computer0/fly_project/fly_gsplat/ctrl_009/016/f1111
4 cameras loaded
Seed: [ 0.00022725 -0.01537764  0.00767703]  triangulation residual=0.072 mm
Sampled 10000 points in 2mm sphere
Surviving points (all 4 cameras): 1996
After outlier removal: 1912 points
Saved -> /home/computer0/fly_project/fly_gsplat/ctrl_009/016/f1111/init_points.ply
[prepare] frame 1111 data ready
Dataset generated successfully at: /home/computer0/fly_project/fly_gsplat/ctrl_009/016/f1112
4 cameras loaded
Seed: [ 0.00022719 -0.01545143  0.00772558]  triangulation residual=0.063 mm
Sampled 10000 points in 2mm sphere
Surviving points (all 4 cameras): 1905
After outlier removal: 1828 points
Saved -> /home/computer0/fly_project/fly_gsplat/ctrl_009/016/f1112/init_points.ply
[prepare] frame 1112 data ready
Dataset generated successfully at: /home/computer0/fly_project/fly_gsplat/ctrl_009/016/f1113
4 cameras loaded
Seed: [ 0.00022693 -0.01552925  0.00777139]  triangulation residual=0.056 mm
Sampled 10000 points in 2mm sphere
Surviving points (all 4 cameras): 1885
After outlier removal: 1807 points
Saved -> /home/computer0/fly_project/fly_gsplat/ctrl_009/016/f1113/init_points.ply
[prepare] frame 1113 data ready
Dataset generated successfully at: /home/computer0/fly_project/fly_gsplat/ctrl_009/016/f1114
4 cameras loaded
Seed: [ 0.00022828 -0.01560515  0.00781803]  triangulation residual=0.048 mm
Sampled 10000 points in 2mm sphere
Surviving points (all 4 cameras): 1789
After outlier removal: 1715 points
Saved -> /home/computer0/fly_project/fly_gsplat/ctrl_009/016/f1114/init_points.ply
[prepare] frame 1114 data ready
Dataset generated successfully at: /home/computer0/fly_project/fly_gsplat/ctrl_009/016/f1115
4 cameras loaded
Seed: [ 0.00022557 -0.01567866  0.0078647 ]  triangulation residual=0.047 mm
Sampled 10000 points in 2mm sphere
Surviving points (all 4 cameras): 1948
After outlier removal: 1885 points
Saved -> /home/computer0/fly_project/fly_gsplat/ctrl_009/016/f1115/init_points.ply
[prepare] frame 1115 data ready
Dataset generated successfully at: /home/computer0/fly_project/fly_gsplat/ctrl_009/016/f1116
4 cameras loaded
Seed: [ 0.00022407 -0.01575175  0.00790949]  triangulation residual=0.045 mm
Sampled 10000 points in 2mm sphere
Surviving points (all 4 cameras): 1904
After outlier removal: 1825 points
Saved -> /home/computer0/fly_project/fly_gsplat/ctrl_009/016/f1116/init_points.ply
[prepare] frame 1116 data ready
Dataset generated successfully at: /home/computer0/fly_project/fly_gsplat/ctrl_009/016/f1117
4 cameras loaded
Seed: [ 0.00022471 -0.01582397  0.00794715]  triangulation residual=0.041 mm
Sampled 10000 points in 2mm sphere
Surviving points (all 4 cameras): 1769
After outlier removal: 1699 points
Saved -> /home/computer0/fly_project/fly_gsplat/ctrl_009/016/f1117/init_points.ply
[prepare] frame 1117 data ready
Dataset generated successfully at: /home/computer0/fly_project/fly_gsplat/ctrl_009/016/f1118
4 cameras loaded
Seed: [ 0.00022167 -0.01589284  0.00798437]  triangulation residual=0.042 mm
Sampled 10000 points in 2mm sphere
Surviving points (all 4 cameras): 1803
After outlier removal: 1727 points
Saved -> /home/computer0/fly_project/fly_gsplat/ctrl_009/016/f1118/init_points.ply
[prepare] frame 1118 data ready
Dataset generated successfully at: /home/computer0/fly_project/fly_gsplat/ctrl_009/016/f1119
4 cameras loaded
Seed: [ 0.00021574 -0.01595332  0.00801976]  triangulation residual=0.048 mm
Sampled 10000 points in 2mm sphere
Surviving points (all 4 cameras): 1849
After outlier removal: 1776 points
Saved -> /home/computer0/fly_project/fly_gsplat/ctrl_009/016/f1119/init_points.ply
[prepare] frame 1119 data ready
Dataset generated successfully at: /home/computer0/fly_project/fly_gsplat/ctrl_009/016/f1120
4 cameras loaded
Seed: [ 0.00021397 -0.01601619  0.00805043]  triangulation residual=0.052 mm
Sampled 10000 points in 2mm sphere
Surviving points (all 4 cameras): 1803
After outlier removal: 1725 points
Saved -> /home/computer0/fly_project/fly_gsplat/ctrl_009/016/f1120/init_points.ply
[prepare] frame 1120 data ready
Dataset generated successfully at: /home/computer0/fly_project/fly_gsplat/ctrl_009/016/f1121
4 cameras loaded
Seed: [ 0.0002126  -0.01606777  0.00808399]  triangulation residual=0.061 mm
Sampled 10000 points in 2mm sphere
Surviving points (all 4 cameras): 1804
After outlier removal: 1737 points
Saved -> /home/computer0/fly_project/fly_gsplat/ctrl_009/016/f1121/init_points.ply
[prepare] frame 1121 data ready
Dataset generated successfully at: /home/computer0/fly_project/fly_gsplat/ctrl_009/016/f1122
4 cameras loaded
Seed: [ 0.00020976 -0.01611873  0.00810974]  triangulation residual=0.070 mm
Sampled 10000 points in 2mm sphere
Surviving points (all 4 cameras): 1811
After outlier removal: 1744 points
Saved -> /home/computer0/fly_project/fly_gsplat/ctrl_009/016/f1122/init_points.ply
[prepare] frame 1122 data ready
Dataset generated successfully at: /home/computer0/fly_project/fly_gsplat/ctrl_009/016/f1123
4 cameras loaded
Seed: [ 0.00020715 -0.01616791  0.00813581]  triangulation residual=0.081 mm
Sampled 10000 points in 2mm sphere
Surviving points (all 4 cameras): 1921
After outlier removal: 1852 points
Saved -> /home/computer0/fly_project/fly_gsplat/ctrl_009/016/f1123/init_points.ply
[prepare] frame 1123 data ready
Dataset generated successfully at: /home/computer0/fly_project/fly_gsplat/ctrl_009/016/f1124
4 cameras loaded
Seed: [ 0.00020419 -0.01620994  0.0081632 ]  triangulation residual=0.089 mm
Sampled 10000 points in 2mm sphere
Surviving points (all 4 cameras): 1857
After outlier removal: 1790 points
Saved -> /home/computer0/fly_project/fly_gsplat/ctrl_009/016/f1124/init_points.ply
[prepare] frame 1124 data ready
Dataset generated successfully at: /home/computer0/fly_project/fly_gsplat/ctrl_009/016/f1125
4 cameras loaded
Seed: [ 0.00020896 -0.0162484   0.00818834]  triangulation residual=0.102 mm
Sampled 10000 points in 2mm sphere
Surviving points (all 4 cameras): 1799
After outlier removal: 1729 points
Saved -> /home/computer0/fly_project/fly_gsplat/ctrl_009/016/f1125/init_points.ply
[prepare] frame 1125 data ready
Dataset generated successfully at: /home/computer0/fly_project/fly_gsplat/ctrl_009/016/f1126
4 cameras loaded
Seed: [ 0.00021469 -0.01628183  0.00822084]  triangulation residual=0.116 mm
Sampled 10000 points in 2mm sphere
Surviving points (all 4 cameras): 1766
After outlier removal: 1700 points
Saved -> /home/computer0/fly_project/fly_gsplat/ctrl_009/016/f1126/init_points.ply
[prepare] frame 1126 data ready
Dataset generated successfully at: /home/computer0/fly_project/fly_gsplat/ctrl_009/016/f1127
4 cameras loaded
Seed: [ 0.00021131 -0.01631128  0.00825618]  triangulation residual=0.129 mm
Sampled 10000 points in 2mm sphere
Surviving points (all 4 cameras): 1777
After outlier removal: 1706 points
Saved -> /home/computer0/fly_project/fly_gsplat/ctrl_009/016/f1127/init_points.ply
[prepare] frame 1127 data ready
Dataset generated successfully at: /home/computer0/fly_project/fly_gsplat/ctrl_009/016/f1128
4 cameras loaded
Seed: [ 0.00020551 -0.01633179  0.00828982]  triangulation residual=0.142 mm
Sampled 10000 points in 2mm sphere
Surviving points (all 4 cameras): 1780
After outlier removal: 1706 points
Saved -> /home/computer0/fly_project/fly_gsplat/ctrl_009/016/f1128/init_points.ply
[prepare] frame 1128 data ready
Dataset generated successfully at: /home/computer0/fly_project/fly_gsplat/ctrl_009/016/f1129
4 cameras loaded
Seed: [ 0.00020075 -0.01634964  0.00832126]  triangulation residual=0.152 mm
Sampled 10000 points in 2mm sphere
Surviving points (all 4 cameras): 1856
After outlier removal: 1786 points
Saved -> /home/computer0/fly_project/fly_gsplat/ctrl_009/016/f1129/init_points.ply
[prepare] frame 1129 data ready
Dataset generated successfully at: /home/computer0/fly_project/fly_gsplat/ctrl_009/016/f1130
4 cameras loaded
Seed: [ 0.00019984 -0.01635812  0.00833547]  triangulation residual=0.155 mm
Sampled 10000 points in 2mm sphere
Surviving points (all 4 cameras): 1758
After outlier removal: 1680 points
Saved -> /home/computer0/fly_project/fly_gsplat/ctrl_009/016/f1130/init_points.ply
[prepare] frame 1130 data ready
Dataset generated successfully at: /home/computer0/fly_project/fly_gsplat/ctrl_009/016/f1131
4 cameras loaded
Seed: [ 0.00019103 -0.01635963  0.00833564]  triangulation residual=0.148 mm
Sampled 10000 points in 2mm sphere
Surviving points (all 4 cameras): 1844
After outlier removal: 1775 points
Saved -> /home/computer0/fly_project/fly_gsplat/ctrl_009/016/f1131/init_points.ply
[prepare] frame 1131 data ready
Dataset generated successfully at: /home/computer0/fly_project/fly_gsplat/ctrl_009/016/f1132
4 cameras loaded
Seed: [ 0.0001861  -0.01636278  0.00833886]  triangulation residual=0.123 mm
Sampled 10000 points in 2mm sphere
Surviving points (all 4 cameras): 1766
After outlier removal: 1698 points
Saved -> /home/computer0/fly_project/fly_gsplat/ctrl_009/016/f1132/init_points.ply
[prepare] frame 1132 data ready
Dataset generated successfully at: /home/computer0/fly_project/fly_gsplat/ctrl_009/016/f1133
4 cameras loaded
Seed: [ 0.00018347 -0.01637699  0.00833892]  triangulation residual=0.078 mm
Sampled 10000 points in 2mm sphere
Surviving points (all 4 cameras): 1910
After outlier removal: 1826 points
Saved -> /home/computer0/fly_project/fly_gsplat/ctrl_009/016/f1133/init_points.ply
[prepare] frame 1133 data ready
Dataset generated successfully at: /home/computer0/fly_project/fly_gsplat/ctrl_009/016/f1134
4 cameras loaded
Seed: [ 0.00019544 -0.01637978  0.00833355]  triangulation residual=0.053 mm
Sampled 10000 points in 2mm sphere
Surviving points (all 4 cameras): 1857
After outlier removal: 1787 points
Saved -> /home/computer0/fly_project/fly_gsplat/ctrl_009/016/f1134/init_points.ply
[prepare] frame 1134 data ready
Dataset generated successfully at: /home/computer0/fly_project/fly_gsplat/ctrl_009/016/f1135
4 cameras loaded
Seed: [ 0.0002027  -0.01637173  0.00832303]  triangulation residual=0.076 mm
Sampled 10000 points in 2mm sphere
Surviving points (all 4 cameras): 1888
After outlier removal: 1815 points
Saved -> /home/computer0/fly_project/fly_gsplat/ctrl_009/016/f1135/init_points.ply
[prepare] frame 1135 data ready
Dataset generated successfully at: /home/computer0/fly_project/fly_gsplat/ctrl_009/016/f1136
4 cameras loaded
Seed: [ 0.00019442 -0.0163812   0.0083333 ]  triangulation residual=0.079 mm
Sampled 10000 points in 2mm sphere
Surviving points (all 4 cameras): 1907
After outlier removal: 1827 points
Saved -> /home/computer0/fly_project/fly_gsplat/ctrl_009/016/f1136/init_points.ply
[prepare] frame 1136 data ready
Dataset generated successfully at: /home/computer0/fly_project/fly_gsplat/ctrl_009/016/f1137
4 cameras loaded
Seed: [ 0.0001947  -0.0164013   0.00837557]  triangulation residual=0.066 mm
Sampled 10000 points in 2mm sphere
Surviving points (all 4 cameras): 2067
After outlier removal: 1987 points
Saved -> /home/computer0/fly_project/fly_gsplat/ctrl_009/016/f1137/init_points.ply
[prepare] frame 1137 data ready
Dataset generated successfully at: /home/computer0/fly_project/fly_gsplat/ctrl_009/016/f1138
4 cameras loaded
Seed: [ 0.00019527 -0.0164087   0.0084183 ]  triangulation residual=0.060 mm
Sampled 10000 points in 2mm sphere
Surviving points (all 4 cameras): 2137
After outlier removal: 2050 points
Saved -> /home/computer0/fly_project/fly_gsplat/ctrl_009/016/f1138/init_points.ply
[prepare] frame 1138 data ready
Dataset generated successfully at: /home/computer0/fly_project/fly_gsplat/ctrl_009/016/f1139
4 cameras loaded
Seed: [ 0.00019765 -0.01638716  0.00844801]  triangulation residual=0.059 mm
Sampled 10000 points in 2mm sphere
Surviving points (all 4 cameras): 2046
After outlier removal: 1958 points
Saved -> /home/computer0/fly_project/fly_gsplat/ctrl_009/016/f1139/init_points.ply
[prepare] frame 1139 data ready
Dataset generated successfully at: /home/computer0/fly_project/fly_gsplat/ctrl_009/016/f1140
4 cameras loaded
Seed: [ 0.00019935 -0.01634759  0.00847185]  triangulation residual=0.059 mm
Sampled 10000 points in 2mm sphere
Surviving points (all 4 cameras): 1986
After outlier removal: 1905 points
Saved -> /home/computer0/fly_project/fly_gsplat/ctrl_009/016/f1140/init_points.ply
[prepare] frame 1140 data ready
Dataset generated successfully at: /home/computer0/fly_project/fly_gsplat/ctrl_009/016/f1141
4 cameras loaded
Seed: [ 0.00019882 -0.01630947  0.00847577]  triangulation residual=0.054 mm
Sampled 10000 points in 2mm sphere
Surviving points (all 4 cameras): 1826
After outlier removal: 1741 points
Saved -> /home/computer0/fly_project/fly_gsplat/ctrl_009/016/f1141/init_points.ply
[prepare] frame 1141 data ready
Dataset generated successfully at: /home/computer0/fly_project/fly_gsplat/ctrl_009/016/f1142
4 cameras loaded
Seed: [ 0.00018149 -0.01626809  0.00844458]  triangulation residual=0.041 mm
Sampled 10000 points in 2mm sphere
Surviving points (all 4 cameras): 1833
After outlier removal: 1748 points
Saved -> /home/computer0/fly_project/fly_gsplat/ctrl_009/016/f1142/init_points.ply
[prepare] frame 1142 data ready
Dataset generated successfully at: /home/computer0/fly_project/fly_gsplat/ctrl_009/016/f1143
4 cameras loaded
Seed: [ 0.0001729  -0.01623361  0.00839183]  triangulation residual=0.035 mm
Sampled 10000 points in 2mm sphere
Surviving points (all 4 cameras): 1857
After outlier removal: 1781 points
Saved -> /home/computer0/fly_project/fly_gsplat/ctrl_009/016/f1143/init_points.ply
[prepare] frame 1143 data ready
Dataset generated successfully at: /home/computer0/fly_project/fly_gsplat/ctrl_009/016/f1144
4 cameras loaded
Seed: [ 0.00017244 -0.01620613  0.0083482 ]  triangulation residual=0.037 mm
Sampled 10000 points in 2mm sphere
Surviving points (all 4 cameras): 1841
After outlier removal: 1773 points
Saved -> /home/computer0/fly_project/fly_gsplat/ctrl_009/016/f1144/init_points.ply
[prepare] frame 1144 data ready
Dataset generated successfully at: /home/computer0/fly_project/fly_gsplat/ctrl_009/016/f1145
4 cameras loaded
Seed: [ 0.00017249 -0.0161859   0.00832222]  triangulation residual=0.048 mm
Sampled 10000 points in 2mm sphere
Surviving points (all 4 cameras): 1890
After outlier removal: 1811 points
Saved -> /home/computer0/fly_project/fly_gsplat/ctrl_009/016/f1145/init_points.ply
[prepare] frame 1145 data ready
Dataset generated successfully at: /home/computer0/fly_project/fly_gsplat/ctrl_009/016/f1146
4 cameras loaded
Seed: [ 0.0001682  -0.01617205  0.0083061 ]  triangulation residual=0.049 mm
Sampled 10000 points in 2mm sphere
Surviving points (all 4 cameras): 1889
After outlier removal: 1809 points
Saved -> /home/computer0/fly_project/fly_gsplat/ctrl_009/016/f1146/init_points.ply
[prepare] frame 1146 data ready
Dataset generated successfully at: /home/computer0/fly_project/fly_gsplat/ctrl_009/016/f1147
4 cameras loaded
Seed: [ 0.00016162 -0.01616329  0.00829235]  triangulation residual=0.052 mm
Sampled 10000 points in 2mm sphere
Surviving points (all 4 cameras): 1961
After outlier removal: 1882 points
Saved -> /home/computer0/fly_project/fly_gsplat/ctrl_009/016/f1147/init_points.ply
[prepare] frame 1147 data ready
Dataset generated successfully at: /home/computer0/fly_project/fly_gsplat/ctrl_009/016/f1148
4 cameras loaded
Seed: [ 0.00015738 -0.0161572   0.00827772]  triangulation residual=0.051 mm
Sampled 10000 points in 2mm sphere
Surviving points (all 4 cameras): 1892
After outlier removal: 1809 points
Saved -> /home/computer0/fly_project/fly_gsplat/ctrl_009/016/f1148/init_points.ply
[prepare] frame 1148 data ready
Dataset generated successfully at: /home/computer0/fly_project/fly_gsplat/ctrl_009/016/f1149
4 cameras loaded
Seed: [ 0.00014905 -0.01615455  0.00826843]  triangulation residual=0.052 mm
Sampled 10000 points in 2mm sphere
Surviving points (all 4 cameras): 2028
After outlier removal: 1944 points
Saved -> /home/computer0/fly_project/fly_gsplat/ctrl_009/016/f1149/init_points.ply
[prepare] frame 1149 data ready
Dataset generated successfully at: /home/computer0/fly_project/fly_gsplat/ctrl_009/016/f1150
4 cameras loaded
Seed: [ 0.00013974 -0.01616214  0.00826074]  triangulation residual=0.057 mm
Sampled 10000 points in 2mm sphere
Surviving points (all 4 cameras): 2036
After outlier removal: 1963 points
Saved -> /home/computer0/fly_project/fly_gsplat/ctrl_009/016/f1150/init_points.ply
[prepare] frame 1150 data ready
Dataset generated successfully at: /home/computer0/fly_project/fly_gsplat/ctrl_009/016/f1151
4 cameras loaded
Seed: [ 0.0001331  -0.01616595  0.00825903]  triangulation residual=0.065 mm
Sampled 10000 points in 2mm sphere
Surviving points (all 4 cameras): 1984
After outlier removal: 1896 points
Saved -> /home/computer0/fly_project/fly_gsplat/ctrl_009/016/f1151/init_points.ply
[prepare] frame 1151 data ready
Dataset generated successfully at: /home/computer0/fly_project/fly_gsplat/ctrl_009/016/f1152
4 cameras loaded
Seed: [ 0.00013171 -0.01617697  0.00825318]  triangulation residual=0.079 mm
Sampled 10000 points in 2mm sphere
Surviving points (all 4 cameras): 2032
After outlier removal: 1947 points
Saved -> /home/computer0/fly_project/fly_gsplat/ctrl_009/016/f1152/init_points.ply
[prepare] frame 1152 data ready
Dataset generated successfully at: /home/computer0/fly_project/fly_gsplat/ctrl_009/016/f1153
4 cameras loaded
Seed: [ 0.00012406 -0.01618536  0.0082563 ]  triangulation residual=0.093 mm
Sampled 10000 points in 2mm sphere
Surviving points (all 4 cameras): 2026
After outlier removal: 1943 points
Saved -> /home/computer0/fly_project/fly_gsplat/ctrl_009/016/f1153/init_points.ply
[prepare] frame 1153 data ready
Dataset generated successfully at: /home/computer0/fly_project/fly_gsplat/ctrl_009/016/f1154
4 cameras loaded
Seed: [ 0.00011902 -0.01619916  0.00825322]  triangulation residual=0.107 mm
Sampled 10000 points in 2mm sphere
Surviving points (all 4 cameras): 2064
After outlier removal: 1988 points
Saved -> /home/computer0/fly_project/fly_gsplat/ctrl_009/016/f1154/init_points.ply
[prepare] frame 1154 data ready
Dataset generated successfully at: /home/computer0/fly_project/fly_gsplat/ctrl_009/016/f1155
4 cameras loaded
Seed: [ 0.00011374 -0.01621249  0.00825588]  triangulation residual=0.111 mm
Sampled 10000 points in 2mm sphere
Surviving points (all 4 cameras): 2062
After outlier removal: 1982 points
Saved -> /home/computer0/fly_project/fly_gsplat/ctrl_009/016/f1155/init_points.ply
[prepare] frame 1155 data ready
Dataset generated successfully at: /home/computer0/fly_project/fly_gsplat/ctrl_009/016/f1156
4 cameras loaded
Seed: [ 0.00011591 -0.01622514  0.00825438]  triangulation residual=0.110 mm
Sampled 10000 points in 2mm sphere
Surviving points (all 4 cameras): 2004
After outlier removal: 1924 points
Saved -> /home/computer0/fly_project/fly_gsplat/ctrl_009/016/f1156/init_points.ply
[prepare] frame 1156 data ready
Dataset generated successfully at: /home/computer0/fly_project/fly_gsplat/ctrl_009/016/f1157
4 cameras loaded
Seed: [ 0.00011215 -0.01623513  0.00825834]  triangulation residual=0.108 mm
Sampled 10000 points in 2mm sphere
Surviving points (all 4 cameras): 2069
After outlier removal: 1991 points
Saved -> /home/computer0/fly_project/fly_gsplat/ctrl_009/016/f1157/init_points.ply
[prepare] frame 1157 data ready
Dataset generated successfully at: /home/computer0/fly_project/fly_gsplat/ctrl_009/016/f1158
4 cameras loaded
Seed: [ 0.00011318 -0.01625445  0.00826259]  triangulation residual=0.099 mm
Sampled 10000 points in 2mm sphere
Surviving points (all 4 cameras): 2094
After outlier removal: 1997 points
Saved -> /home/computer0/fly_project/fly_gsplat/ctrl_009/016/f1158/init_points.ply
[prepare] frame 1158 data ready
Dataset generated successfully at: /home/computer0/fly_project/fly_gsplat/ctrl_009/016/f1159
4 cameras loaded
Seed: [ 0.00011546 -0.01626952  0.00826638]  triangulation residual=0.095 mm
Sampled 10000 points in 2mm sphere
Surviving points (all 4 cameras): 2163
After outlier removal: 2079 points
Saved -> /home/computer0/fly_project/fly_gsplat/ctrl_009/016/f1159/init_points.ply
[prepare] frame 1159 data ready
Dataset generated successfully at: /home/computer0/fly_project/fly_gsplat/ctrl_009/016/f1160
4 cameras loaded
Seed: [ 0.0001157  -0.01629674  0.00826802]  triangulation residual=0.092 mm
Sampled 10000 points in 2mm sphere
Surviving points (all 4 cameras): 2165
After outlier removal: 2069 points
Saved -> /home/computer0/fly_project/fly_gsplat/ctrl_009/016/f1160/init_points.ply
[prepare] frame 1160 data ready
Dataset generated successfully at: /home/computer0/fly_project/fly_gsplat/ctrl_009/016/f1161
4 cameras loaded
Seed: [ 0.00011829 -0.01633143  0.00828414]  triangulation residual=0.092 mm
Sampled 10000 points in 2mm sphere
Surviving points (all 4 cameras): 2110
After outlier removal: 2034 points
Saved -> /home/computer0/fly_project/fly_gsplat/ctrl_009/016/f1161/init_points.ply
[prepare] frame 1161 data ready
Dataset generated successfully at: /home/computer0/fly_project/fly_gsplat/ctrl_009/016/f1162
4 cameras loaded
Seed: [ 0.00011939 -0.01636579  0.0082941 ]  triangulation residual=0.096 mm
Sampled 10000 points in 2mm sphere
Surviving points (all 4 cameras): 2073
After outlier removal: 1991 points
Saved -> /home/computer0/fly_project/fly_gsplat/ctrl_009/016/f1162/init_points.ply
[prepare] frame 1162 data ready
Dataset generated successfully at: /home/computer0/fly_project/fly_gsplat/ctrl_009/016/f1163
4 cameras loaded
Seed: [ 0.00012329 -0.01641975  0.00831889]  triangulation residual=0.110 mm
Sampled 10000 points in 2mm sphere
Surviving points (all 4 cameras): 2012
After outlier removal: 1928 points
Saved -> /home/computer0/fly_project/fly_gsplat/ctrl_009/016/f1163/init_points.ply
[prepare] frame 1163 data ready
Dataset generated successfully at: /home/computer0/fly_project/fly_gsplat/ctrl_009/016/f1164
4 cameras loaded
Seed: [ 0.00011623 -0.01647018  0.00834692]  triangulation residual=0.117 mm
Sampled 10000 points in 2mm sphere
Surviving points (all 4 cameras): 1865
After outlier removal: 1794 points
Saved -> /home/computer0/fly_project/fly_gsplat/ctrl_009/016/f1164/init_points.ply
[prepare] frame 1164 data ready
Dataset generated successfully at: /home/computer0/fly_project/fly_gsplat/ctrl_009/016/f1165
4 cameras loaded
Seed: [ 0.00010353 -0.01650916  0.00838815]  triangulation residual=0.115 mm
Sampled 10000 points in 2mm sphere
Surviving points (all 4 cameras): 1802
After outlier removal: 1733 points
Saved -> /home/computer0/fly_project/fly_gsplat/ctrl_009/016/f1165/init_points.ply
[prepare] frame 1165 data ready
Dataset generated successfully at: /home/computer0/fly_project/fly_gsplat/ctrl_009/016/f1166
4 cameras loaded
Seed: [ 9.93850766e-05 -1.65120226e-02  8.41408535e-03]  triangulation residual=0.102 mm
Sampled 10000 points in 2mm sphere
Surviving points (all 4 cameras): 1779
After outlier removal: 1704 points
Saved -> /home/computer0/fly_project/fly_gsplat/ctrl_009/016/f1166/init_points.ply
[prepare] frame 1166 data ready
Dataset generated successfully at: /home/computer0/fly_project/fly_gsplat/ctrl_009/016/f1167
4 cameras loaded
Seed: [ 8.99166677e-05 -1.64887110e-02  8.37045391e-03]  triangulation residual=0.070 mm
Sampled 10000 points in 2mm sphere
Surviving points (all 4 cameras): 1901
After outlier removal: 1824 points
Saved -> /home/computer0/fly_project/fly_gsplat/ctrl_009/016/f1167/init_points.ply
[prepare] frame 1167 data ready
Dataset generated successfully at: /home/computer0/fly_project/fly_gsplat/ctrl_009/016/f1168
4 cameras loaded
Seed: [ 8.43847813e-05 -1.64724010e-02  8.31986528e-03]  triangulation residual=0.069 mm
Sampled 10000 points in 2mm sphere
Surviving points (all 4 cameras): 2074
After outlier removal: 1975 points
Saved -> /home/computer0/fly_project/fly_gsplat/ctrl_009/016/f1168/init_points.ply
[prepare] frame 1168 data ready
Dataset generated successfully at: /home/computer0/fly_project/fly_gsplat/ctrl_009/016/f1169
4 cameras loaded
Seed: [ 7.79667100e-05 -1.64736955e-02  8.29489920e-03]  triangulation residual=0.080 mm
Sampled 10000 points in 2mm sphere
Surviving points (all 4 cameras): 2270
After outlier removal: 2184 points
Saved -> /home/computer0/fly_project/fly_gsplat/ctrl_009/016/f1169/init_points.ply
[prepare] frame 1169 data ready
Dataset generated successfully at: /home/computer0/fly_project/fly_gsplat/ctrl_009/016/f1170
4 cameras loaded
Seed: [ 7.22932969e-05 -1.64905296e-02  8.29370819e-03]  triangulation residual=0.099 mm
Sampled 10000 points in 2mm sphere
Surviving points (all 4 cameras): 2253
After outlier removal: 2161 points
Saved -> /home/computer0/fly_project/fly_gsplat/ctrl_009/016/f1170/init_points.ply
[prepare] frame 1170 data ready
Dataset generated successfully at: /home/computer0/fly_project/fly_gsplat/ctrl_009/016/f1171
4 cameras loaded
Seed: [ 6.43567031e-05 -1.65212685e-02  8.30578838e-03]  triangulation residual=0.123 mm
Sampled 10000 points in 2mm sphere
Surviving points (all 4 cameras): 2250
After outlier removal: 2172 points
Saved -> /home/computer0/fly_project/fly_gsplat/ctrl_009/016/f1171/init_points.ply
[prepare] frame 1171 data ready
Dataset generated successfully at: /home/computer0/fly_project/fly_gsplat/ctrl_009/016/f1172
4 cameras loaded
Seed: [ 6.58629927e-05 -1.65469598e-02  8.32495391e-03]  triangulation residual=0.133 mm
Sampled 10000 points in 2mm sphere
Surviving points (all 4 cameras): 2205
After outlier removal: 2106 points
Saved -> /home/computer0/fly_project/fly_gsplat/ctrl_009/016/f1172/init_points.ply
[prepare] frame 1172 data ready
Dataset generated successfully at: /home/computer0/fly_project/fly_gsplat/ctrl_009/016/f1173
4 cameras loaded
Seed: [ 6.28068254e-05 -1.65670229e-02  8.34069181e-03]  triangulation residual=0.116 mm
Sampled 10000 points in 2mm sphere
Surviving points (all 4 cameras): 2173
After outlier removal: 2089 points
Saved -> /home/computer0/fly_project/fly_gsplat/ctrl_009/016/f1173/init_points.ply
[prepare] frame 1173 data ready
Dataset generated successfully at: /home/computer0/fly_project/fly_gsplat/ctrl_009/016/f1174
4 cameras loaded
Seed: [ 6.25157690e-05 -1.65900546e-02  8.35876147e-03]  triangulation residual=0.100 mm
Sampled 10000 points in 2mm sphere
Surviving points (all 4 cameras): 2108
After outlier removal: 2029 points
Saved -> /home/computer0/fly_project/fly_gsplat/ctrl_009/016/f1174/init_points.ply
[prepare] frame 1174 data ready
Dataset generated successfully at: /home/computer0/fly_project/fly_gsplat/ctrl_009/016/f1175
4 cameras loaded
Seed: [ 5.95110919e-05 -1.66152767e-02  8.38056022e-03]  triangulation residual=0.093 mm
Sampled 10000 points in 2mm sphere
Surviving points (all 4 cameras): 2032
After outlier removal: 1948 points
Saved -> /home/computer0/fly_project/fly_gsplat/ctrl_009/016/f1175/init_points.ply
[prepare] frame 1175 data ready
Dataset generated successfully at: /home/computer0/fly_project/fly_gsplat/ctrl_009/016/f1176
4 cameras loaded
Seed: [ 5.76633186e-05 -1.66532524e-02  8.41010439e-03]  triangulation residual=0.090 mm
Sampled 10000 points in 2mm sphere
Surviving points (all 4 cameras): 1976
After outlier removal: 1898 points
Saved -> /home/computer0/fly_project/fly_gsplat/ctrl_009/016/f1176/init_points.ply
[prepare] frame 1176 data ready
Dataset generated successfully at: /home/computer0/fly_project/fly_gsplat/ctrl_009/016/f1177
4 cameras loaded
Seed: [ 6.03535391e-05 -1.66926823e-02  8.43505051e-03]  triangulation residual=0.089 mm
Sampled 10000 points in 2mm sphere
Surviving points (all 4 cameras): 1800
After outlier removal: 1735 points
Saved -> /home/computer0/fly_project/fly_gsplat/ctrl_009/016/f1177/init_points.ply
[prepare] frame 1177 data ready
Dataset generated successfully at: /home/computer0/fly_project/fly_gsplat/ctrl_009/016/f1178
4 cameras loaded
Seed: [ 5.85277438e-05 -1.67324130e-02  8.46768633e-03]  triangulation residual=0.084 mm
Sampled 10000 points in 2mm sphere
Surviving points (all 4 cameras): 1796
After outlier removal: 1717 points
Saved -> /home/computer0/fly_project/fly_gsplat/ctrl_009/016/f1178/init_points.ply
[prepare] frame 1178 data ready
Dataset generated successfully at: /home/computer0/fly_project/fly_gsplat/ctrl_009/016/f1179
4 cameras loaded
Seed: [ 5.55682661e-05 -1.67787755e-02  8.49296823e-03]  triangulation residual=0.085 mm
Sampled 10000 points in 2mm sphere
Surviving points (all 4 cameras): 1641
After outlier removal: 1574 points
Saved -> /home/computer0/fly_project/fly_gsplat/ctrl_009/016/f1179/init_points.ply
[prepare] frame 1179 data ready
Dataset generated successfully at: /home/computer0/fly_project/fly_gsplat/ctrl_009/016/f1180
4 cameras loaded
Seed: [ 5.53633069e-05 -1.68220693e-02  8.52305261e-03]  triangulation residual=0.081 mm
Sampled 10000 points in 2mm sphere
Surviving points (all 4 cameras): 1681
After outlier removal: 1607 points
Saved -> /home/computer0/fly_project/fly_gsplat/ctrl_009/016/f1180/init_points.ply
[prepare] frame 1180 data ready
Dataset generated successfully at: /home/computer0/fly_project/fly_gsplat/ctrl_009/016/f1181
4 cameras loaded
Seed: [ 5.34330554e-05 -1.68691001e-02  8.55759867e-03]  triangulation residual=0.075 mm
Sampled 10000 points in 2mm sphere
Surviving points (all 4 cameras): 1625
After outlier removal: 1559 points
Saved -> /home/computer0/fly_project/fly_gsplat/ctrl_009/016/f1181/init_points.ply
[prepare] frame 1181 data ready
Dataset generated successfully at: /home/computer0/fly_project/fly_gsplat/ctrl_009/016/f1182
4 cameras loaded
Seed: [ 5.32748256e-05 -1.69249772e-02  8.58952480e-03]  triangulation residual=0.069 mm
Sampled 10000 points in 2mm sphere
Surviving points (all 4 cameras): 1591
After outlier removal: 1523 points
Saved -> /home/computer0/fly_project/fly_gsplat/ctrl_009/016/f1182/init_points.ply
[prepare] frame 1182 data ready
Dataset generated successfully at: /home/computer0/fly_project/fly_gsplat/ctrl_009/016/f1183
4 cameras loaded
Seed: [ 5.70032584e-05 -1.69804841e-02  8.62856909e-03]  triangulation residual=0.068 mm
Sampled 10000 points in 2mm sphere
Surviving points (all 4 cameras): 1525
After outlier removal: 1467 points
Saved -> /home/computer0/fly_project/fly_gsplat/ctrl_009/016/f1183/init_points.ply
[prepare] frame 1183 data ready
Dataset generated successfully at: /home/computer0/fly_project/fly_gsplat/ctrl_009/016/f1184
4 cameras loaded
Seed: [ 5.70541271e-05 -1.70475192e-02  8.67081285e-03]  triangulation residual=0.065 mm
Sampled 10000 points in 2mm sphere
Surviving points (all 4 cameras): 1522
After outlier removal: 1454 points
Saved -> /home/computer0/fly_project/fly_gsplat/ctrl_009/016/f1184/init_points.ply
[prepare] frame 1184 data ready
Dataset generated successfully at: /home/computer0/fly_project/fly_gsplat/ctrl_009/016/f1185
4 cameras loaded
Seed: [ 5.37582097e-05 -1.71146824e-02  8.71891485e-03]  triangulation residual=0.066 mm
Sampled 10000 points in 2mm sphere
Surviving points (all 4 cameras): 1427
After outlier removal: 1363 points
Saved -> /home/computer0/fly_project/fly_gsplat/ctrl_009/016/f1185/init_points.ply
[prepare] frame 1185 data ready
Dataset generated successfully at: /home/computer0/fly_project/fly_gsplat/ctrl_009/016/f1186
4 cameras loaded
Seed: [ 5.65036963e-05 -1.71864804e-02  8.76805837e-03]  triangulation residual=0.067 mm
Sampled 10000 points in 2mm sphere
Surviving points (all 4 cameras): 1311
After outlier removal: 1270 points
Saved -> /home/computer0/fly_project/fly_gsplat/ctrl_009/016/f1186/init_points.ply
[prepare] frame 1186 data ready
Dataset generated successfully at: /home/computer0/fly_project/fly_gsplat/ctrl_009/016/f1187
4 cameras loaded
Seed: [ 5.69580454e-05 -1.72575514e-02  8.81450909e-03]  triangulation residual=0.064 mm
Sampled 10000 points in 2mm sphere
Surviving points (all 4 cameras): 1239
After outlier removal: 1191 points
Saved -> /home/computer0/fly_project/fly_gsplat/ctrl_009/016/f1187/init_points.ply
[prepare] frame 1187 data ready
Dataset generated successfully at: /home/computer0/fly_project/fly_gsplat/ctrl_009/016/f1188
4 cameras loaded
Seed: [ 5.77869658e-05 -1.73332500e-02  8.85985391e-03]  triangulation residual=0.066 mm
Sampled 10000 points in 2mm sphere
Surviving points (all 4 cameras): 1245
After outlier removal: 1198 points
Saved -> /home/computer0/fly_project/fly_gsplat/ctrl_009/016/f1188/init_points.ply
[prepare] frame 1188 data ready
Dataset generated successfully at: /home/computer0/fly_project/fly_gsplat/ctrl_009/016/f1189
4 cameras loaded
Seed: [ 5.36107721e-05 -1.74065839e-02  8.90617871e-03]  triangulation residual=0.068 mm
Sampled 10000 points in 2mm sphere
Surviving points (all 4 cameras): 1206
After outlier removal: 1152 points
Saved -> /home/computer0/fly_project/fly_gsplat/ctrl_009/016/f1189/init_points.ply
[prepare] frame 1189 data ready
Dataset generated successfully at: /home/computer0/fly_project/fly_gsplat/ctrl_009/016/f1190
4 cameras loaded
Seed: [ 7.35708251e-05 -1.74758297e-02  8.94917287e-03]  triangulation residual=0.064 mm
Sampled 10000 points in 2mm sphere
Surviving points (all 4 cameras): 1131
After outlier removal: 1091 points
Saved -> /home/computer0/fly_project/fly_gsplat/ctrl_009/016/f1190/init_points.ply
[prepare] frame 1190 data ready
Dataset generated successfully at: /home/computer0/fly_project/fly_gsplat/ctrl_009/016/f1191
4 cameras loaded
Seed: [ 0.00011256 -0.01754405  0.0089801 ]  triangulation residual=0.082 mm
Sampled 10000 points in 2mm sphere
Surviving points (all 4 cameras): 1120
After outlier removal: 1073 points
Saved -> /home/computer0/fly_project/fly_gsplat/ctrl_009/016/f1191/init_points.ply
[prepare] frame 1191 data ready
Dataset generated successfully at: /home/computer0/fly_project/fly_gsplat/ctrl_009/016/f1192
4 cameras loaded
Seed: [ 0.00016419 -0.01760879  0.00900881]  triangulation residual=0.122 mm
Sampled 10000 points in 2mm sphere
Surviving points (all 4 cameras): 1027
After outlier removal: 983 points
Saved -> /home/computer0/fly_project/fly_gsplat/ctrl_009/016/f1192/init_points.ply
[prepare] frame 1192 data ready
Dataset generated successfully at: /home/computer0/fly_project/fly_gsplat/ctrl_009/016/f1193
4 cameras loaded
Seed: [ 0.00019852 -0.0176698   0.00903506]  triangulation residual=0.155 mm
Sampled 10000 points in 2mm sphere
Surviving points (all 4 cameras): 964
After outlier removal: 924 points
Saved -> /home/computer0/fly_project/fly_gsplat/ctrl_009/016/f1193/init_points.ply
[prepare] frame 1193 data ready
Dataset generated successfully at: /home/computer0/fly_project/fly_gsplat/ctrl_009/016/f1194
4 cameras loaded
Seed: [ 0.0001951  -0.01772482  0.00905948]  triangulation residual=0.167 mm
Sampled 10000 points in 2mm sphere
Surviving points (all 4 cameras): 907
After outlier removal: 872 points
Saved -> /home/computer0/fly_project/fly_gsplat/ctrl_009/016/f1194/init_points.ply
[prepare] frame 1194 data ready
Dataset generated successfully at: /home/computer0/fly_project/fly_gsplat/ctrl_009/016/f1195
4 cameras loaded
Seed: [ 0.00017569 -0.0177752   0.00908042]  triangulation residual=0.175 mm
Sampled 10000 points in 2mm sphere
Surviving points (all 4 cameras): 871
After outlier removal: 839 points
Saved -> /home/computer0/fly_project/fly_gsplat/ctrl_009/016/f1195/init_points.ply
[prepare] frame 1195 data ready
Dataset generated successfully at: /home/computer0/fly_project/fly_gsplat/ctrl_009/016/f1196
4 cameras loaded
Seed: [ 0.0001511  -0.01781912  0.00909504]  triangulation residual=0.176 mm
Sampled 10000 points in 2mm sphere
Surviving points (all 4 cameras): 749
After outlier removal: 715 points
Saved -> /home/computer0/fly_project/fly_gsplat/ctrl_009/016/f1196/init_points.ply
[prepare] frame 1196 data ready
Dataset generated successfully at: /home/computer0/fly_project/fly_gsplat/ctrl_009/016/f1197
4 cameras loaded
Seed: [ 0.00013214 -0.01785421  0.00910776]  triangulation residual=0.187 mm
Sampled 10000 points in 2mm sphere
Surviving points (all 4 cameras): 724
After outlier removal: 689 points
Saved -> /home/computer0/fly_project/fly_gsplat/ctrl_009/016/f1197/init_points.ply
[prepare] frame 1197 data ready
Dataset generated successfully at: /home/computer0/fly_project/fly_gsplat/ctrl_009/016/f1198
4 cameras loaded
Seed: [ 0.00012303 -0.01788404  0.00912563]  triangulation residual=0.201 mm
Sampled 10000 points in 2mm sphere
Surviving points (all 4 cameras): 622
After outlier removal: 590 points
Saved -> /home/computer0/fly_project/fly_gsplat/ctrl_009/016/f1198/init_points.ply
[prepare] frame 1198 data ready
Dataset generated successfully at: /home/computer0/fly_project/fly_gsplat/ctrl_009/016/f1199
4 cameras loaded
Seed: [ 0.00011183 -0.01791328  0.00914351]  triangulation residual=0.220 mm
Sampled 10000 points in 2mm sphere
Surviving points (all 4 cameras): 557
After outlier removal: 526 points
Saved -> /home/computer0/fly_project/fly_gsplat/ctrl_009/016/f1199/init_points.ply
[prepare] frame 1199 data ready
Dataset generated successfully at: /home/computer0/fly_project/fly_gsplat/ctrl_009/016/f1200
4 cameras loaded
Seed: [ 0.00010565 -0.01793987  0.00916321]  triangulation residual=0.246 mm
Sampled 10000 points in 2mm sphere
Surviving points (all 4 cameras): 547
After outlier removal: 522 points
Saved -> /home/computer0/fly_project/fly_gsplat/ctrl_009/016/f1200/init_points.ply
[prepare] frame 1200 data ready
Dataset generated successfully at: /home/computer0/fly_project/fly_gsplat/ctrl_009/016/f1201
4 cameras loaded
Seed: [ 0.00010016 -0.01796049  0.00918119]  triangulation residual=0.266 mm
Sampled 10000 points in 2mm sphere
Surviving points (all 4 cameras): 501
After outlier removal: 482 points
Saved -> /home/computer0/fly_project/fly_gsplat/ctrl_009/016/f1201/init_points.ply
[prepare] frame 1201 data ready
Dataset generated successfully at: /home/computer0/fly_project/fly_gsplat/ctrl_009/016/f1202
4 cameras loaded
Seed: [ 0.00010493 -0.01797921  0.00920873]  triangulation residual=0.288 mm
Sampled 10000 points in 2mm sphere
Surviving points (all 4 cameras): 430
After outlier removal: 410 points
Saved -> /home/computer0/fly_project/fly_gsplat/ctrl_009/016/f1202/init_points.ply
[prepare] frame 1202 data ready
Dataset generated successfully at: /home/computer0/fly_project/fly_gsplat/ctrl_009/016/f1203
4 cameras loaded
Seed: [ 0.000107   -0.01799397  0.00923726]  triangulation residual=0.310 mm
Sampled 10000 points in 2mm sphere
Surviving points (all 4 cameras): 400
After outlier removal: 381 points
Saved -> /home/computer0/fly_project/fly_gsplat/ctrl_009/016/f1203/init_points.ply
[prepare] frame 1203 data ready
Dataset generated successfully at: /home/computer0/fly_project/fly_gsplat/ctrl_009/016/f1204
4 cameras loaded
Seed: [ 0.00010716 -0.01800469  0.00925601]  triangulation residual=0.326 mm
Sampled 10000 points in 2mm sphere
Surviving points (all 4 cameras): 430
After outlier removal: 418 points
Saved -> /home/computer0/fly_project/fly_gsplat/ctrl_009/016/f1204/init_points.ply
[prepare] frame 1204 data ready
Dataset generated successfully at: /home/computer0/fly_project/fly_gsplat/ctrl_009/016/f1205
4 cameras loaded
Seed: [ 0.00011378 -0.01801173  0.0092694 ]  triangulation residual=0.336 mm
Sampled 10000 points in 2mm sphere
Surviving points (all 4 cameras): 390
After outlier removal: 371 points
Saved -> /home/computer0/fly_project/fly_gsplat/ctrl_009/016/f1205/init_points.ply
[prepare] frame 1205 data ready
Dataset generated successfully at: /home/computer0/fly_project/fly_gsplat/ctrl_009/016/f1206
4 cameras loaded
Seed: [ 0.00012668 -0.01800504  0.00927309]  triangulation residual=0.342 mm
Sampled 10000 points in 2mm sphere
Surviving points (all 4 cameras): 299
After outlier removal: 287 points
Saved -> /home/computer0/fly_project/fly_gsplat/ctrl_009/016/f1206/init_points.ply
[prepare] frame 1206 data ready
Dataset generated successfully at: /home/computer0/fly_project/fly_gsplat/ctrl_009/016/f1207
4 cameras loaded
Seed: [ 0.00013054 -0.01800046  0.00926458]  triangulation residual=0.328 mm
Sampled 10000 points in 2mm sphere
Surviving points (all 4 cameras): 326
After outlier removal: 310 points
Saved -> /home/computer0/fly_project/fly_gsplat/ctrl_009/016/f1207/init_points.ply
[prepare] frame 1207 data ready
Dataset generated successfully at: /home/computer0/fly_project/fly_gsplat/ctrl_009/016/f1208
4 cameras loaded
Seed: [ 0.00012333 -0.01799911  0.00925298]  triangulation residual=0.299 mm
Sampled 10000 points in 2mm sphere
Surviving points (all 4 cameras): 257
After outlier removal: 245 points
Saved -> /home/computer0/fly_project/fly_gsplat/ctrl_009/016/f1208/init_points.ply
[prepare] frame 1208 data ready
Dataset generated successfully at: /home/computer0/fly_project/fly_gsplat/ctrl_009/016/f1209
4 cameras loaded
Seed: [ 0.00012551 -0.01799057  0.00922812]  triangulation residual=0.257 mm
Sampled 10000 points in 2mm sphere
Surviving points (all 4 cameras): 272
After outlier removal: 260 points
Saved -> /home/computer0/fly_project/fly_gsplat/ctrl_009/016/f1209/init_points.ply
[prepare] frame 1209 data ready
Dataset generated successfully at: /home/computer0/fly_project/fly_gsplat/ctrl_009/016/f1210
4 cameras loaded
Seed: [ 7.93215908e-05 -1.79799471e-02  9.20403800e-03]  triangulation residual=0.212 mm
Sampled 10000 points in 2mm sphere
Surviving points (all 4 cameras): 204
After outlier removal: 193 points
Saved -> /home/computer0/fly_project/fly_gsplat/ctrl_009/016/f1210/init_points.ply
[prepare] frame 1210 data ready
Dataset generated successfully at: /home/computer0/fly_project/fly_gsplat/ctrl_009/016/f1211
4 cameras loaded
Seed: [ 5.09795140e-05 -1.79974604e-02  9.21630947e-03]  triangulation residual=0.215 mm
Sampled 10000 points in 2mm sphere
Surviving points (all 4 cameras): 173
After outlier removal: 166 points
Saved -> /home/computer0/fly_project/fly_gsplat/ctrl_009/016/f1211/init_points.ply
[prepare] frame 1211 data ready
Dataset generated successfully at: /home/computer0/fly_project/fly_gsplat/ctrl_009/016/f1212
4 cameras loaded
Seed: [ 3.74443056e-05 -1.80244081e-02  9.25110620e-03]  triangulation residual=0.241 mm
Sampled 10000 points in 2mm sphere
Surviving points (all 4 cameras): 127
After outlier removal: 122 points
Saved -> /home/computer0/fly_project/fly_gsplat/ctrl_009/016/f1212/init_points.ply
[prepare] frame 1212 data ready
Dataset generated successfully at: /home/computer0/fly_project/fly_gsplat/ctrl_009/016/f1213
4 cameras loaded
Seed: [ 4.13462900e-05 -1.80372234e-02  9.29389900e-03]  triangulation residual=0.263 mm
Sampled 10000 points in 2mm sphere
Surviving points (all 4 cameras): 115
After outlier removal: 109 points
Saved -> /home/computer0/fly_project/fly_gsplat/ctrl_009/016/f1213/init_points.ply
[prepare] frame 1213 data ready
Dataset generated successfully at: /home/computer0/fly_project/fly_gsplat/ctrl_009/016/f1214
4 cameras loaded
Seed: [ 4.42718532e-05 -1.80359017e-02  9.32776660e-03]  triangulation residual=0.273 mm
Sampled 10000 points in 2mm sphere
Surviving points (all 4 cameras): 101
After outlier removal: 95 points
Saved -> /home/computer0/fly_project/fly_gsplat/ctrl_009/016/f1214/init_points.ply
[prepare] frame 1214 data ready
Dataset generated successfully at: /home/computer0/fly_project/fly_gsplat/ctrl_009/016/f1215
4 cameras loaded
Seed: [ 4.77952257e-05 -1.80171099e-02  9.35370273e-03]  triangulation residual=0.271 mm
Sampled 10000 points in 2mm sphere
Surviving points (all 4 cameras): 83
After outlier removal: 78 points
Saved -> /home/computer0/fly_project/fly_gsplat/ctrl_009/016/f1215/init_points.ply
[prepare] frame 1215 data ready
Traceback (most recent call last):
  File "/home/computer0/fly_project/fly_gsplat/gpu/schedule/schedule.py", line 228, in <module>
    main()
  File "/home/computer0/fly_project/fly_gsplat/gpu/schedule/schedule.py", line 198, in main
    prepare_all_frames(frames, sparse_dir, base_name)
  File "/home/computer0/fly_project/fly_gsplat/gpu/schedule/schedule.py", line 108, in prepare_all_frames
    generate_dataset(str(data_dir), sparse_dir, target_frame=frame_idx,
  File "/home/computer0/fly_project/fly_gsplat/generate_dataset.py", line 49, in generate_dataset
    im = reconstruct_frame_image(sparse_file, target_frame, w_full, h_full, white_bg=white_bg)
  File "/home/computer0/fly_project/fly_gsplat/utils/dataset.py", line 26, in reconstruct_frame_image
    rows = indIm[:, 0].astype(int) - 1
IndexError: too many indices for array: array is 1-dimensional, but 2 were indexed
